2025-03-09 14:23:39,340 - QTvcp.QTDRAGON_HD_HANDLER - WARNING - QtDragon warning with loading QtWebEngineWidget - is python3-pyqt5.qtwebengine installed?
2025-03-09 14:23:43,100 - QTvcp.RAPIDCHANGE_HANDLER - DEBUG - INIT qtvcp handler
2025-03-09 14:23:43,141 - QTvcp.RAPIDCHANGE_HANDLER - DEBUG - num_pockets = 8
2025-03-09 14:23:43,143 - QTvcp.RAPIDCHANGE_HANDLER - DEBUG - pocket_offset = -45
2025-03-09 14:23:43,145 - QTvcp.RAPIDCHANGE_HANDLER - DEBUG - first_pocket_x = 658
2025-03-09 14:23:43,145 - QTvcp.RAPIDCHANGE_HANDLER - DEBUG - first_pocket_y = 238
2025-03-09 14:23:43,146 - QTvcp.RAPIDCHANGE_HANDLER - DEBUG - z_engage = 0
2025-03-09 14:23:43,146 - QTvcp.RAPIDCHANGE_HANDLER - DEBUG - z_engage_drop_offset = 0
2025-03-09 14:23:43,147 - QTvcp.RAPIDCHANGE_HANDLER - DEBUG - z_ir_engage = -101.724
2025-03-09 14:23:43,147 - QTvcp.RAPIDCHANGE_HANDLER - DEBUG - z_safe_clearance = 0
2025-03-09 14:23:43,148 - QTvcp.RAPIDCHANGE_HANDLER - DEBUG - cover_hal_dpin = 0
2025-03-09 14:23:43,148 - QTvcp.RAPIDCHANGE_HANDLER - DEBUG - ir_hal_dpin = 0
2025-03-09 14:23:43,148 - QTvcp.RAPIDCHANGE_HANDLER - DEBUG - x_manual_change_pos = 0
2025-03-09 14:23:43,149 - QTvcp.RAPIDCHANGE_HANDLER - DEBUG - y_manual_change_pos = 0
2025-03-09 14:23:43,149 - QTvcp.RAPIDCHANGE_HANDLER - DEBUG - align_axis = X
2025-03-09 14:23:43,150 - QTvcp.RAPIDCHANGE_HANDLER - DEBUG - pickup_rate = 2000
2025-03-09 14:23:43,150 - QTvcp.RAPIDCHANGE_HANDLER - DEBUG - drop_rate = 2000
2025-03-09 14:23:43,151 - QTvcp.RAPIDCHANGE_HANDLER - DEBUG - spindle_speed_pickup = 1500
2025-03-09 14:23:43,151 - QTvcp.RAPIDCHANGE_HANDLER - DEBUG - spindle_speed_drop = 1700
2025-03-09 14:23:43,152 - QTvcp.RAPIDCHANGE_HANDLER - DEBUG - ir_enabled = False
2025-03-09 14:23:43,154 - QTvcp.RAPIDCHANGE_HANDLER - DEBUG - cover_enabled = False
2025-03-09 14:23:43,155 - QTvcp.RAPIDCHANGE_HANDLER - DEBUG - probe_ht = 40.0
2025-03-09 14:23:43,156 - QTvcp.RAPIDCHANGE_HANDLER - DEBUG - block_ht = 20.0
